// Jest Snapshot v1, https://goo.gl/fbAQLP

exports[`expect NavBar to match snapshot 1`] = `
<header
  className="nav-bar"
>
  <h1>
    Math Magicians
  </h1>
  <ul>
    <li>
      <a
        href="/"
        onClick={[Function]}
      >
        Home
      </a>
    </li>
    <li>
      <a
        href="/Calculator"
        onClick={[Function]}
      >
        Calculator
      </a>
    </li>
    <li>
      <a
        href="/Quote"
        onClick={[Function]}
      >
        Quote
      </a>
    </li>
  </ul>
</header>
`;
