// Jest Snapshot v1, https://goo.gl/fbAQLP

exports[`expect quote to match snapshot 1`] = `
<div
  className="quote"
>
  <h3>
    Without mathematics, thereâ€™s nothing you can do. Everything around you is mathematics. Everything around you is numbers.
  </h3>
</div>
`;
